// Vitest Snapshot v1

exports[`StackableBarChart > StackableBarChart component renders correctly 1`] = `
<figure
  className="stackable-container stacked title-default"
  data-testid="stackable-container"
  onBlur={[Function]}
>
  <div
    className="chart-container"
    data-testid="chart-container"
  />
  <figcaption
    className="chart-title"
    data-testid="chart-title"
  />
</figure>
`;
